RAM Allocation [bytes]
Variable                                                                          Address   Size
------------------------------------------------------------------------------------------------
c                                                                                 0x0260      16
_base_y                                                                           0x0270       4

EEPROM Allocation [bytes]
Variable                                                                          Address   Size
------------------------------------------------------------------------------------------------

Register Allocation
Variable                                                                          Register  Size
------------------------------------------------------------------------------------------------
key                                                                               R5           1
_lcd_x                                                                            R4           1
_lcd_y                                                                            R7           1
_lcd_maxx                                                                         R6           1

FLASH Allocation [words]
Function                                                                          Address   Size
------------------------------------------------------------------------------------------------
keyboard                                                                          0x0006B     84
main                                                                              0x000BF     75
_lcd_write_nibble_G100                                                            0x0010A     20
_lcd_write_data                                                                   0x0011E     12
lcd_gotoxy                                                                        0x0012A     13
lcd_clear                                                                         0x00137     12
lcd_putchar                                                                       0x00143     21
lcd_puts                                                                          0x00158     17
lcd_init                                                                          0x00169     45
put_buff_G101                                                                     0x00196     64
_print_G101                                                                       0x001D6    308
sprintf                                                                           0x0030A     52
strlen                                                                            0x0033E     12
strlenf                                                                           0x0034A     13
